
[1m[46m RUN [49m[22m [36mv4.0.18 [39m[90mC:/Users/Rafael Feltrim/Documents/Web_Mobile/Study-Sync[39m

 [31mÔØ»[39m tests/criticality.test.ts [2m([22m[2m0 test[22m[2m)[22m
 [31mÔØ»[39m tests/App.test.tsx [2m([22m[2m0 test[22m[2m)[22m
node.exe : 
No linha:1 caractere:1
+ & "C:\Program 
Files\nodejs/node.exe" 
"C:\Program 
Files\nodejs/node_mo ...
+ ~~~~~~~~~~~~~~~~~~~~~~~~~~~
~~~~~~~~~~~~~~~~~~~~~~~~~~~~~
~~~~~~~~~~~~~
    + CategoryInfo           
   : NotSpecified: (:String  
  ) [], RemoteException
    + FullyQualifiedErrorId  
   : NativeCommandError
 
[31mÔÄ»ÔÄ»ÔÄ»ÔÄ»ÔÄ»ÔÄ»[39m
[1m[41m Failed Suites 2 [49
m[22m[31mÔÄ»ÔÄ»ÔÄ»ÔÄ»ÔÄ»ÔÄ»
ÔÄ»[39m

[41m[1m FAIL [22m[49m 
tests/App.test.tsx[2m [ 
tests/App.test.tsx ][22m
[41m[1m FAIL [22m[49m tes
ts/criticality.test.ts[2m [ 
tests/criticality.test.ts 
][22m
[31m[1mReferenceError[22m:
 expect is not defined[39m
[90m [2mÔØ»[22m ../../../.
./Rafael%20Feltrim/Documents/
Web_Mobile/Study-Sync/node_mo
dules/@testing-library/jest-d
om/dist/index.mjs:[2m9:1[22
m[39m
[36m [2mÔØ»[22m tests/setu
p.ts:[2m1:1[22m[39m
    [90m  1| 
[39m[35mimport[39m [32m'@
testing-library/jest-dom'[39
m[33m;[39m
    [90m   | 
[39m[31m^[39m
    [90m  2| 
[39m[35mimport[39m { 
expect[33m,[39m afterEach 
} [35mfrom[39m 
[32m'vitest'[39m[33m;[39m
    [90m  3| 
[39m[35mimport[39m { 
cleanup } [35mfrom[39m [32
m'@testing-library/react'[39
m[33m;[39m

[31m[2mÔÄ»ÔÄ»ÔÄ»ÔÄ»ÔÄ»ÔÄ»ÔÄ
»ÔÄ»ÔÄ»ÔÄ»ÔÄ»ÔÄ»ÔÄ»ÔÄ»ÔÄ»ÔÄ»Ô
Ä»ÔÄ»ÔÄ»ÔÄ»ÔÄ»ÔÄ»ÔÄ»ÔÄ»[1/2]Ô
Ä»[22m[39m


[2m Test Files [22m [1m[31m2 failed[39m[22m[90m (2)[39m
[2m      Tests [22m [2mno tests[22m
[2m   Start at [22m 23:31:52
[2m   Duration [22m 3.49s[2m (transform 109ms, setup 0ms, import 0ms, tests 0ms, environment 5.19s)[22m

